
> marketing-os@0.1.0 build
> next build

   Γû▓ Next.js 15.5.19
   - Environments: .env
   - Experiments (use with caution):
     ┬╖ serverActions

   Creating an optimized production build ...
